TAP version 13
# node:internal/modules/esm/resolve:873
#   throw new ERR_MODULE_NOT_FOUND(packageName, fileURLToPath(base), null);
#         ^
# Error [ERR_MODULE_NOT_FOUND]: Cannot find package 'supertest' imported from /home/mosesadedeji/projects/issavie/backend/test/rbac.test.js
#     at packageResolve (node:internal/modules/esm/resolve:873:9)
#     at moduleResolve (node:internal/modules/esm/resolve:946:18)
#     at defaultResolve (node:internal/modules/esm/resolve:1188:11)
#     at ModuleLoader.defaultResolve (node:internal/modules/esm/loader:708:12)
#     at \#cachedDefaultResolve (node:internal/modules/esm/loader:657:25)
#     at ModuleLoader.resolve (node:internal/modules/esm/loader:640:38)
#     at ModuleLoader.getModuleJobForImport (node:internal/modules/esm/loader:264:38)
#     at ModuleJob._link (node:internal/modules/esm/module_job:168:49) {
#   code: 'ERR_MODULE_NOT_FOUND'
# }
# Node.js v20.19.6
# Subtest: /home/mosesadedeji/projects/issavie/backend/test/rbac.test.js
not ok 1 - /home/mosesadedeji/projects/issavie/backend/test/rbac.test.js
  ---
  duration_ms: 26.500837
  location: '/home/mosesadedeji/projects/issavie/backend/test/rbac.test.js:1:1'
  failureType: 'testCodeFailure'
  exitCode: 1
  signal: ~
  error: 'test failed'
  code: 'ERR_TEST_FAILURE'
  ...
1..1
# tests 1
# suites 0
# pass 0
# fail 1
# cancelled 0
# skipped 0
# todo 0
# duration_ms 29.314467
